../Core/Src/LCD_Driver.c:33:6:LCD_GPIO_Init	56	static
../Core/Src/LCD_Driver.c:116:6:LTCD_Layer_Init	72	static
../Core/Src/LCD_Driver.c:143:6:clearScreen	8	static
../Core/Src/LCD_Driver.c:148:6:LTCD__Init	8	static
../Core/Src/LCD_Driver.c:207:6:LCD_Draw_Pixel	16	static
../Core/Src/LCD_Driver.c:217:6:LCD_Draw_Circle_Fill	32	static
../Core/Src/LCD_Driver.c:231:6:LCD_Draw_Vertical_Line	32	static
../Core/Src/LCD_Driver.c:238:6:LCD_Draw_Horizontal_Line	32	static
../Core/Src/LCD_Driver.c:244:6:LCD_Draw_Box	32	static
../Core/Src/LCD_Driver.c:253:6:LCD_Clear	24	static
../Core/Src/LCD_Driver.c:264:6:LCD_SetTextColor	16	static
../Core/Src/LCD_Driver.c:270:6:LCD_SetFont	16	static
../Core/Src/LCD_Driver.c:276:6:LCD_Draw_Char	24	static
../Core/Src/LCD_Driver.c:296:6:LCD_DisplayChar	16	static
../Core/Src/LCD_Driver.c:302:6:LCD_DisplayString	16	static
../Core/Src/LCD_Driver.c:311:6:visualDemo	16	static
../Core/Src/LCD_Driver.c:361:6:LCD_Error_Handler	4	static,ignoring_inline_asm
../Core/Src/LCD_Driver.c:376:6:InitializeLCDTouch	8	static
../Core/Src/LCD_Driver.c:383:18:returnTouchStateAndLocation	16	static
../Core/Src/LCD_Driver.c:387:6:DetermineTouchPosition	16	static
../Core/Src/LCD_Driver.c:391:9:ReadRegisterFromTouchModule	16	static
../Core/Src/LCD_Driver.c:395:6:WriteDataToTouchModule	16	static
../Core/Src/LCD_Driver.c:399:9:DetermineLeftOrRightTouch	16	static
../Core/Src/LCD_Driver.c:408:6:displayStartScreen	8	static
../Core/Src/LCD_Driver.c:446:6:displayGameScreen	88	static
../Core/Src/LCD_Driver.c:479:6:displayWinner	80	static
../Core/Src/LCD_Driver.c:532:6:displayEndScreen	112	static
